// Jest Snapshot v1, https://goo.gl/fbAQLP

exports[`should render card component 1`] = `
<div
  className="tc grow bg-light-green br3 pa3 ma2 dib bw2 shadow-5"
>
  <img
    alt="robots"
    height={200}
    src="https://robohash.org/undefined?size=400x400"
    width={200}
  />
  <div>
    <h2 />
    <p />
  </div>
</div>
`;
